// Jest Snapshot v1, https://goo.gl/fbAQLP

exports[`<GridTwoColumns /> should render with grid two columns 1`] = `
<div>
  <div
    class="sc-gKXOVf fJFMUE"
  >
    <div
      class="sc-iBkjds esRwus"
    >
      <div
        class="sc-dkzDqf UfjXb"
      >
        <div
          class="sc-hKMtZM kvgAlZ"
        >
          <h1
            class="sc-bczRLJ jHDVDg"
          >
            Grid two columns
          </h1>
          <div
            class="sc-gsnTZi flEwpi"
          >
            Lorem ipsum dolor sit amet consectetur adipisicing elit. Distinctio magnam culpa eveniet doloribus harum? Ipsam, a necessitatibus? Sequi sunt accusantium quod, animi iure a, aliquid dolor ea vel magni dolore?
          </div>
        </div>
        <div
          class="sc-eCYdqJ fsQnOX"
        >
          <img
            alt="Grid two columns"
            class="sc-jSMfEi bZHBBC"
            src="assets/images/coffe.svg"
          />
        </div>
      </div>
    </div>
  </div>
</div>
`;
